// Jest Snapshot v1, https://goo.gl/fbAQLP

exports[`search results component search results component renders correctly 1`] = `
Array [
  <p
    className="paragraph"
  >
    Search Results:
  </p>,
  <div
    className="arranged-images"
  >
    <img
      alt="celestial-body"
      className="celestial-body"
      src="image1"
    />
    <img
      alt="celestial-body"
      className="celestial-body"
      src="image2"
    />
    <img
      alt="celestial-body"
      className="celestial-body"
      src="image3"
    />
  </div>,
]
`;
